// Jest Snapshot v1, https://goo.gl/fbAQLP

exports[`Label renders a default state 1`] = `
<div>
  <div
    class=""
  >
    Default Label
  </div>
</div>
`;
