// Jest Snapshot v1, https://goo.gl/fbAQLP

exports[`PopoverContent renders a default state 1`] = `
<div
  class=""
  data-testid="component"
  role="dialog"
>
  <div
    class=""
  />
  Default PopoverContent
</div>
`;
